<?xml version="1.0" encoding="UTF-8"?>
<testsuites>
  <testsuite name="" tests="13" assertions="22" errors="0" warnings="0" failures="0" skipped="0" time="0.629601">
    <testsuite name="Project Test Suite" tests="13" assertions="22" errors="0" warnings="0" failures="0" skipped="0" time="0.629601">
      <testsuite name="App\Tests\unit\HomepageTest" file="D:\githubProjects\WebFrameworkDevProject_Eduard\tests\acceptance\HomepageTest.php" tests="4" assertions="8" errors="0" warnings="0" failures="0" skipped="0" time="0.316117">
        <testcase name="testHomePageTitleText" class="App\Tests\unit\HomepageTest" classname="App.Tests.unit.HomepageTest" file="D:\githubProjects\WebFrameworkDevProject_Eduard\tests\acceptance\HomepageTest.php" line="10" assertions="3" time="0.207788"/>
        <testcase name="testPublicUserCanSeeWelcomeBackMessageWhenLoggedIn" class="App\Tests\unit\HomepageTest" classname="App.Tests.unit.HomepageTest" file="D:\githubProjects\WebFrameworkDevProject_Eduard\tests\acceptance\HomepageTest.php" line="19" assertions="3" time="0.049494"/>
        <testcase name="testUserCanNotSeeLoginRegisterLinksWhenLoggedIn" class="App\Tests\unit\HomepageTest" classname="App.Tests.unit.HomepageTest" file="D:\githubProjects\WebFrameworkDevProject_Eduard\tests\acceptance\HomepageTest.php" line="35" assertions="1" time="0.037058"/>
        <testcase name="testUserCanSeeLoginRegisterLinksWhenNotLoggedIn" class="App\Tests\unit\HomepageTest" classname="App.Tests.unit.HomepageTest" file="D:\githubProjects\WebFrameworkDevProject_Eduard\tests\acceptance\HomepageTest.php" line="52" assertions="1" time="0.021777"/>
      </testsuite>
      <testsuite name="App\Tests\ProductCrudTest" file="D:\githubProjects\WebFrameworkDevProject_Eduard\tests\acceptance\ProductCrudTest.php" tests="5" assertions="7" errors="0" warnings="0" failures="0" skipped="0" time="0.169008">
        <testcase name="testMenuPageTitleText" class="App\Tests\ProductCrudTest" classname="App.Tests.ProductCrudTest" file="D:\githubProjects\WebFrameworkDevProject_Eduard\tests\acceptance\ProductCrudTest.php" line="14" assertions="3" time="0.035506"/>
        <testcase name="testPublicUserCanNotSeeNewProductLink" class="App\Tests\ProductCrudTest" classname="App.Tests.ProductCrudTest" file="D:\githubProjects\WebFrameworkDevProject_Eduard\tests\acceptance\ProductCrudTest.php" line="23" assertions="1" time="0.020158"/>
        <testcase name="testRoleChefUserCanSeeNewProductLink" class="App\Tests\ProductCrudTest" classname="App.Tests.ProductCrudTest" file="D:\githubProjects\WebFrameworkDevProject_Eduard\tests\acceptance\ProductCrudTest.php" line="32" assertions="1" time="0.025625"/>
        <testcase name="testUserCanNotSeeAddToBasketLinkUnlessLoggedIn" class="App\Tests\ProductCrudTest" classname="App.Tests.ProductCrudTest" file="D:\githubProjects\WebFrameworkDevProject_Eduard\tests\acceptance\ProductCrudTest.php" line="48" assertions="1" time="0.044120"/>
        <testcase name="testAccessDeniedForRoleUserWhenTryAccessNewProduct" class="App\Tests\ProductCrudTest" classname="App.Tests.ProductCrudTest" file="D:\githubProjects\WebFrameworkDevProject_Eduard\tests\acceptance\ProductCrudTest.php" line="64" assertions="1" time="0.043598"/>
      </testsuite>
      <testsuite name="App\Tests\ProductDatabaseTest" file="D:\githubProjects\WebFrameworkDevProject_Eduard\tests\acceptance\ProductDatabaseTest.php" tests="1" assertions="1" errors="0" warnings="0" failures="0" skipped="0" time="0.018100">
        <testcase name="testNumberOfProductMatchFixtures" class="App\Tests\ProductDatabaseTest" classname="App.Tests.ProductDatabaseTest" file="D:\githubProjects\WebFrameworkDevProject_Eduard\tests\acceptance\ProductDatabaseTest.php" line="10" assertions="1" time="0.018100"/>
      </testsuite>
      <testsuite name="WebProjectTests\SampleTest" file="D:\githubProjects\WebFrameworkDevProject_Eduard\tests\acceptance\SampleTest.php" tests="1" assertions="1" errors="0" warnings="0" failures="0" skipped="0" time="0.000377">
        <testcase name="testItWorks" class="WebProjectTests\SampleTest" classname="WebProjectTests.SampleTest" file="D:\githubProjects\WebFrameworkDevProject_Eduard\tests\acceptance\SampleTest.php" line="9" assertions="1" time="0.000377"/>
      </testsuite>
      <testsuite name="App\Tests\UserCrudTest" file="D:\githubProjects\WebFrameworkDevProject_Eduard\tests\acceptance\UserCrudTest.php" tests="2" assertions="5" errors="0" warnings="0" failures="0" skipped="0" time="0.126000">
        <testcase name="testRoleAdminUserCanSeeUserList" class="App\Tests\UserCrudTest" classname="App.Tests.UserCrudTest" file="D:\githubProjects\WebFrameworkDevProject_Eduard\tests\acceptance\UserCrudTest.php" line="11" assertions="4" time="0.058456"/>
        <testcase name="testRoleUserUserCanNotSeeUserList" class="App\Tests\UserCrudTest" classname="App.Tests.UserCrudTest" file="D:\githubProjects\WebFrameworkDevProject_Eduard\tests\acceptance\UserCrudTest.php" line="41" assertions="1" time="0.067544"/>
      </testsuite>
    </testsuite>
  </testsuite>
</testsuites>
